// Jest Snapshot v1, https://goo.gl/fbAQLP

exports[`FacebookButtom should render correctly match snapshot 1`] = `
<View
  accessible={true}
  focusable={false}
  onClick={[Function]}
  onResponderGrant={[Function]}
  onResponderMove={[Function]}
  onResponderRelease={[Function]}
  onResponderTerminate={[Function]}
  onResponderTerminationRequest={[Function]}
  onStartShouldSetResponder={[Function]}
  style={
    Object {
      "alignItems": "center",
      "backgroundColor": "#3b5998",
      "borderColor": "black",
      "borderRadius": 4,
      "borderStyle": "solid",
      "borderWidth": 0,
      "flexDirection": "row",
      "justifyContent": "center",
      "marginBottom": 10,
      "marginLeft": 0,
      "marginRight": 0,
      "marginTop": 10,
      "opacity": 1,
      "paddingBottom": 16,
      "paddingLeft": 16,
      "paddingRight": 16,
      "paddingTop": 16,
    }
  }
>
  <Text
    allowFontScaling={false}
    style={
      Array [
        Object {
          "color": "#fff",
          "fontSize": 16,
        },
        undefined,
        Object {
          "fontFamily": "FontAwesome",
          "fontStyle": "normal",
          "fontWeight": "normal",
        },
        Object {},
      ]
    }
  >
    ï‚š
  </Text>
  <Text
    style={
      Array [
        Object {
          "color": "#fff",
          "fontSize": 15,
          "fontWeight": "bold",
          "marginLeft": 10,
        },
      ]
    }
  >
    Continuar com Facebook
  </Text>
</View>
`;
