// Jest Snapshot v1, https://goo.gl/fbAQLP

exports[`GoogleButtom should render correctly match snapshot 1`] = `
<View
  accessible={true}
  focusable={false}
  onClick={[Function]}
  onResponderGrant={[Function]}
  onResponderMove={[Function]}
  onResponderRelease={[Function]}
  onResponderTerminate={[Function]}
  onResponderTerminationRequest={[Function]}
  onStartShouldSetResponder={[Function]}
  style={
    Object {
      "alignItems": "center",
      "backgroundColor": "#fff",
      "borderColor": "#edeef2",
      "borderRadius": 4,
      "borderStyle": "solid",
      "borderWidth": 1,
      "flexDirection": "row",
      "justifyContent": "center",
      "marginBottom": 10,
      "marginLeft": 0,
      "marginRight": 0,
      "marginTop": 10,
      "opacity": 1,
      "paddingBottom": 16,
      "paddingLeft": 16,
      "paddingRight": 16,
      "paddingTop": 16,
    }
  }
>
  <Text
    allowFontScaling={false}
    style={
      Array [
        Object {
          "color": "#ea4335",
          "fontSize": 16,
        },
        undefined,
        Object {
          "fontFamily": "FontAwesome",
          "fontStyle": "normal",
          "fontWeight": "normal",
        },
        Object {},
      ]
    }
  >
    ï† 
  </Text>
  <Text
    style={
      Array [
        Object {
          "color": "#455675",
          "fontSize": 15,
          "fontWeight": "bold",
          "marginLeft": 10,
        },
      ]
    }
  >
    Continuar com Google
  </Text>
</View>
`;
