// Jest Snapshot v1, https://goo.gl/fbAQLP

exports[`ModalDetail should render correctly match snapshot 1`] = `
<Modal
  animationType="none"
  hardwareAccelerated={false}
  hideModalContentWhileAnimating={false}
  onModalHide={[Function]}
  onModalWillHide={[Function]}
  onModalWillShow={[Function]}
  onRequestClose={[Function]}
  scrollHorizontal={false}
  scrollOffset={0}
  scrollOffsetMax={0}
  scrollTo={null}
  supportedOrientations={
    Array [
      "portrait",
      "landscape",
    ]
  }
  swipeThreshold={100}
  transparent={true}
  visible={true}
>
  <View
    accessible={true}
    focusable={true}
    forwardedRef={[Function]}
    onClick={[Function]}
    onResponderGrant={[Function]}
    onResponderMove={[Function]}
    onResponderRelease={[Function]}
    onResponderTerminate={[Function]}
    onResponderTerminationRequest={[Function]}
    onStartShouldSetResponder={[Function]}
    style={
      Object {
        "backgroundColor": "black",
        "bottom": 0,
        "height": 1334,
        "left": 0,
        "opacity": 0,
        "position": "absolute",
        "right": 0,
        "top": 0,
        "width": 750,
      }
    }
  />
  <View
    forwardedRef={[Function]}
    hideModalContentWhileAnimating={false}
    onModalHide={[Function]}
    onModalWillHide={[Function]}
    onModalWillShow={[Function]}
    pointerEvents="box-none"
    scrollHorizontal={false}
    scrollOffset={0}
    scrollOffsetMax={0}
    scrollTo={null}
    style={
      Object {
        "flex": 1,
        "justifyContent": "center",
        "margin": 0,
        "transform": Array [
          Object {
            "translateY": 1334,
          },
        ],
      }
    }
    supportedOrientations={
      Array [
        "portrait",
        "landscape",
      ]
    }
    swipeThreshold={100}
  >
    <View
      style={
        Array [
          Object {
            "backgroundColor": "#fff",
            "borderTopLeftRadius": 15,
            "borderTopRightRadius": 15,
            "bottom": 0,
            "height": "50%",
            "justifyContent": "space-between",
            "marginBottom": 0,
            "marginLeft": 0,
            "marginRight": 0,
            "marginTop": 0,
            "paddingBottom": 15,
            "paddingLeft": 15,
            "paddingRight": 15,
            "paddingTop": 0,
            "position": "absolute",
            "width": "100%",
          },
        ]
      }
    >
      <View
        style={
          Array [
            Object {
              "alignSelf": "center",
              "backgroundColor": "#ccc",
              "borderRadius": 50,
              "height": 5,
              "marginTop": 5,
              "width": 50,
            },
          ]
        }
      />
      <View
        accessible={true}
        focusable={true}
        onClick={[Function]}
        onResponderGrant={[Function]}
        onResponderMove={[Function]}
        onResponderRelease={[Function]}
        onResponderTerminate={[Function]}
        onResponderTerminationRequest={[Function]}
        onStartShouldSetResponder={[Function]}
        style={
          Object {
            "alignItems": "center",
            "backgroundColor": "#ccc",
            "borderRadius": 10,
            "height": 50,
            "justifyContent": "center",
            "opacity": 1,
            "width": "100%",
          }
        }
      >
        <Text
          style={
            Array [
              Object {
                "color": "#000",
              },
            ]
          }
        >
          Fechar
        </Text>
      </View>
    </View>
  </View>
</Modal>
`;
