// Jest Snapshot v1, https://goo.gl/fbAQLP

exports[`RegisterForm should render correctly match snapshot 1`] = `
<View>
  <View
    style={
      Array [
        Object {
          "marginBottom": 15,
        },
      ]
    }
  >
    <View
      style={
        Array [
          Object {
            "alignItems": "center",
            "backgroundColor": "#fff",
            "borderRadius": 4,
            "color": "#444",
            "flexDirection": "row",
            "paddingBottom": 16,
            "paddingLeft": 16,
            "paddingRight": 16,
            "paddingTop": 16,
          },
        ]
      }
    >
      <Text
        allowFontScaling={false}
        style={
          Array [
            Object {
              "color": "#b5c0ce",
              "fontSize": 16,
            },
            undefined,
            Object {
              "fontFamily": "FontAwesome",
              "fontStyle": "normal",
              "fontWeight": "normal",
            },
            Object {},
          ]
        }
      >
        
      </Text>
      <TextInput
        allowFontScaling={true}
        blurOnSubmit={false}
        keyboardAppearance="dark"
        onChangeText={[Function]}
        onSubmitEditing={[Function]}
        placeholder="Nome"
        placeholderTextColor="#b5c0ce"
        rejectResponderTermination={true}
        returnKeyType="next"
        style={
          Array [
            Object {
              "flexBasis": 0,
              "flexGrow": 1,
              "flexShrink": 1,
              "fontSize": 15,
              "marginLeft": 5,
            },
          ]
        }
        underlineColorAndroid="transparent"
      />
    </View>
  </View>
  <View
    style={
      Array [
        Object {
          "marginBottom": 15,
        },
      ]
    }
  >
    <View
      style={
        Array [
          Object {
            "alignItems": "center",
            "backgroundColor": "#fff",
            "borderRadius": 4,
            "color": "#444",
            "flexDirection": "row",
            "paddingBottom": 16,
            "paddingLeft": 16,
            "paddingRight": 16,
            "paddingTop": 16,
          },
        ]
      }
    >
      <Text
        allowFontScaling={false}
        style={
          Array [
            Object {
              "color": "#b5c0ce",
              "fontSize": 16,
            },
            undefined,
            Object {
              "fontFamily": "FontAwesome",
              "fontStyle": "normal",
              "fontWeight": "normal",
            },
            Object {},
          ]
        }
      >
        
      </Text>
      <TextInput
        allowFontScaling={true}
        blurOnSubmit={false}
        keyboardAppearance="dark"
        onChangeText={[Function]}
        onSubmitEditing={[Function]}
        placeholder="Endereço de Email"
        placeholderTextColor="#b5c0ce"
        rejectResponderTermination={true}
        returnKeyType="next"
        style={
          Array [
            Object {
              "flexBasis": 0,
              "flexGrow": 1,
              "flexShrink": 1,
              "fontSize": 15,
              "marginLeft": 5,
            },
          ]
        }
        underlineColorAndroid="transparent"
      />
    </View>
  </View>
  <View
    style={
      Array [
        Object {
          "marginBottom": 15,
        },
      ]
    }
  >
    <View
      style={
        Array [
          Object {
            "alignItems": "center",
            "backgroundColor": "#fff",
            "borderRadius": 4,
            "color": "#444",
            "flexDirection": "row",
            "paddingBottom": 16,
            "paddingLeft": 16,
            "paddingRight": 16,
            "paddingTop": 16,
          },
        ]
      }
    >
      <Text
        allowFontScaling={false}
        style={
          Array [
            Object {
              "color": "#b5c0ce",
              "fontSize": 16,
            },
            undefined,
            Object {
              "fontFamily": "FontAwesome",
              "fontStyle": "normal",
              "fontWeight": "normal",
            },
            Object {},
          ]
        }
      >
        
      </Text>
      <TextInput
        allowFontScaling={true}
        keyboardAppearance="dark"
        onChangeText={[Function]}
        onSubmitEditing={[Function]}
        placeholder="Senha"
        placeholderTextColor="#b5c0ce"
        rejectResponderTermination={true}
        returnKeyType="next"
        secureTextEntry={true}
        style={
          Array [
            Object {
              "flexBasis": 0,
              "flexGrow": 1,
              "flexShrink": 1,
              "fontSize": 15,
              "marginLeft": 5,
            },
          ]
        }
        underlineColorAndroid="transparent"
      />
    </View>
  </View>
  <View
    style={
      Array [
        Object {
          "marginBottom": 15,
        },
      ]
    }
  >
    <View
      style={
        Array [
          Object {
            "alignItems": "center",
            "backgroundColor": "#fff",
            "borderRadius": 4,
            "color": "#444",
            "flexDirection": "row",
            "paddingBottom": 16,
            "paddingLeft": 16,
            "paddingRight": 16,
            "paddingTop": 16,
          },
        ]
      }
    >
      <Text
        allowFontScaling={false}
        style={
          Array [
            Object {
              "color": "#b5c0ce",
              "fontSize": 16,
            },
            undefined,
            Object {
              "fontFamily": "FontAwesome",
              "fontStyle": "normal",
              "fontWeight": "normal",
            },
            Object {},
          ]
        }
      >
        
      </Text>
      <TextInput
        allowFontScaling={true}
        keyboardAppearance="dark"
        onChangeText={[Function]}
        placeholder="Confirmar Senha"
        placeholderTextColor="#b5c0ce"
        rejectResponderTermination={true}
        secureTextEntry={true}
        style={
          Array [
            Object {
              "flexBasis": 0,
              "flexGrow": 1,
              "flexShrink": 1,
              "fontSize": 15,
              "marginLeft": 5,
            },
          ]
        }
        underlineColorAndroid="transparent"
      />
    </View>
  </View>
  <View
    accessible={true}
    focusable={true}
    onClick={[Function]}
    onResponderGrant={[Function]}
    onResponderMove={[Function]}
    onResponderRelease={[Function]}
    onResponderTerminate={[Function]}
    onResponderTerminationRequest={[Function]}
    onStartShouldSetResponder={[Function]}
    style={
      Object {
        "alignItems": "center",
        "backgroundColor": "#215760",
        "borderColor": "black",
        "borderRadius": 4,
        "borderStyle": "solid",
        "borderWidth": 0,
        "flexDirection": "row",
        "justifyContent": "center",
        "marginBottom": 10,
        "marginLeft": 0,
        "marginRight": 0,
        "marginTop": 40,
        "opacity": 1,
        "paddingBottom": 16,
        "paddingLeft": 16,
        "paddingRight": 16,
        "paddingTop": 16,
      }
    }
  >
    <Text
      style={
        Array [
          Object {
            "color": "#fff",
            "fontSize": 15,
            "fontWeight": "bold",
          },
        ]
      }
    >
      Registrar
    </Text>
  </View>
</View>
`;
