// Jest Snapshot v1, https://goo.gl/fbAQLP

exports[`Register should render correctly match snapshot 1`] = `
<View
  onLayout={[Function]}
  style={
    Array [
      Array [
        Object {
          "alignItems": "stretch",
          "backgroundColor": "#f6f7fb",
          "flexBasis": 0,
          "flexGrow": 1,
          "flexShrink": 1,
          "justifyContent": "center",
          "paddingBottom": 20,
          "paddingLeft": 20,
          "paddingRight": 20,
          "paddingTop": 20,
        },
      ],
      Object {
        "paddingBottom": 0,
      },
    ]
  }
>
  <View>
    <Image
      resizeMode="contain"
      source={
        Object {
          "testUri": "../../../src/assets/logo.png",
        }
      }
      style={
        Array [
          Object {
            "alignSelf": "center",
            "height": 120,
            "marginBottom": 40,
            "marginLeft": 0,
            "marginRight": 0,
            "marginTop": 40,
            "width": 180,
          },
        ]
      }
    />
    <Text
      style={
        Array [
          Object {
            "alignSelf": "center",
            "color": "#455675",
            "fontSize": 24,
            "fontWeight": "bold",
            "marginBottom": 15,
          },
        ]
      }
    >
      Crie sua conta
    </Text>
    <View>
      <View
        style={
          Array [
            Object {
              "marginBottom": 15,
            },
          ]
        }
      >
        <View
          style={
            Array [
              Object {
                "alignItems": "center",
                "backgroundColor": "#fff",
                "borderRadius": 4,
                "color": "#444",
                "flexDirection": "row",
                "paddingBottom": 16,
                "paddingLeft": 16,
                "paddingRight": 16,
                "paddingTop": 16,
              },
            ]
          }
        >
          <Text
            allowFontScaling={false}
            style={
              Array [
                Object {
                  "color": "#b5c0ce",
                  "fontSize": 16,
                },
                undefined,
                Object {
                  "fontFamily": "FontAwesome",
                  "fontStyle": "normal",
                  "fontWeight": "normal",
                },
                Object {},
              ]
            }
          >
            
          </Text>
          <TextInput
            allowFontScaling={true}
            blurOnSubmit={false}
            keyboardAppearance="dark"
            onChangeText={[Function]}
            onSubmitEditing={[Function]}
            placeholder="Nome"
            placeholderTextColor="#b5c0ce"
            rejectResponderTermination={true}
            returnKeyType="next"
            style={
              Array [
                Object {
                  "flexBasis": 0,
                  "flexGrow": 1,
                  "flexShrink": 1,
                  "fontSize": 15,
                  "marginLeft": 5,
                },
              ]
            }
            underlineColorAndroid="transparent"
          />
        </View>
      </View>
      <View
        style={
          Array [
            Object {
              "marginBottom": 15,
            },
          ]
        }
      >
        <View
          style={
            Array [
              Object {
                "alignItems": "center",
                "backgroundColor": "#fff",
                "borderRadius": 4,
                "color": "#444",
                "flexDirection": "row",
                "paddingBottom": 16,
                "paddingLeft": 16,
                "paddingRight": 16,
                "paddingTop": 16,
              },
            ]
          }
        >
          <Text
            allowFontScaling={false}
            style={
              Array [
                Object {
                  "color": "#b5c0ce",
                  "fontSize": 16,
                },
                undefined,
                Object {
                  "fontFamily": "FontAwesome",
                  "fontStyle": "normal",
                  "fontWeight": "normal",
                },
                Object {},
              ]
            }
          >
            
          </Text>
          <TextInput
            allowFontScaling={true}
            blurOnSubmit={false}
            keyboardAppearance="dark"
            onChangeText={[Function]}
            onSubmitEditing={[Function]}
            placeholder="Endereço de Email"
            placeholderTextColor="#b5c0ce"
            rejectResponderTermination={true}
            returnKeyType="next"
            style={
              Array [
                Object {
                  "flexBasis": 0,
                  "flexGrow": 1,
                  "flexShrink": 1,
                  "fontSize": 15,
                  "marginLeft": 5,
                },
              ]
            }
            underlineColorAndroid="transparent"
          />
        </View>
      </View>
      <View
        style={
          Array [
            Object {
              "marginBottom": 15,
            },
          ]
        }
      >
        <View
          style={
            Array [
              Object {
                "alignItems": "center",
                "backgroundColor": "#fff",
                "borderRadius": 4,
                "color": "#444",
                "flexDirection": "row",
                "paddingBottom": 16,
                "paddingLeft": 16,
                "paddingRight": 16,
                "paddingTop": 16,
              },
            ]
          }
        >
          <Text
            allowFontScaling={false}
            style={
              Array [
                Object {
                  "color": "#b5c0ce",
                  "fontSize": 16,
                },
                undefined,
                Object {
                  "fontFamily": "FontAwesome",
                  "fontStyle": "normal",
                  "fontWeight": "normal",
                },
                Object {},
              ]
            }
          >
            
          </Text>
          <TextInput
            allowFontScaling={true}
            keyboardAppearance="dark"
            onChangeText={[Function]}
            onSubmitEditing={[Function]}
            placeholder="Senha"
            placeholderTextColor="#b5c0ce"
            rejectResponderTermination={true}
            returnKeyType="next"
            secureTextEntry={true}
            style={
              Array [
                Object {
                  "flexBasis": 0,
                  "flexGrow": 1,
                  "flexShrink": 1,
                  "fontSize": 15,
                  "marginLeft": 5,
                },
              ]
            }
            underlineColorAndroid="transparent"
          />
        </View>
      </View>
      <View
        style={
          Array [
            Object {
              "marginBottom": 15,
            },
          ]
        }
      >
        <View
          style={
            Array [
              Object {
                "alignItems": "center",
                "backgroundColor": "#fff",
                "borderRadius": 4,
                "color": "#444",
                "flexDirection": "row",
                "paddingBottom": 16,
                "paddingLeft": 16,
                "paddingRight": 16,
                "paddingTop": 16,
              },
            ]
          }
        >
          <Text
            allowFontScaling={false}
            style={
              Array [
                Object {
                  "color": "#b5c0ce",
                  "fontSize": 16,
                },
                undefined,
                Object {
                  "fontFamily": "FontAwesome",
                  "fontStyle": "normal",
                  "fontWeight": "normal",
                },
                Object {},
              ]
            }
          >
            
          </Text>
          <TextInput
            allowFontScaling={true}
            keyboardAppearance="dark"
            onChangeText={[Function]}
            placeholder="Confirmar Senha"
            placeholderTextColor="#b5c0ce"
            rejectResponderTermination={true}
            secureTextEntry={true}
            style={
              Array [
                Object {
                  "flexBasis": 0,
                  "flexGrow": 1,
                  "flexShrink": 1,
                  "fontSize": 15,
                  "marginLeft": 5,
                },
              ]
            }
            underlineColorAndroid="transparent"
          />
        </View>
      </View>
      <View
        accessible={true}
        focusable={true}
        onClick={[Function]}
        onResponderGrant={[Function]}
        onResponderMove={[Function]}
        onResponderRelease={[Function]}
        onResponderTerminate={[Function]}
        onResponderTerminationRequest={[Function]}
        onStartShouldSetResponder={[Function]}
        style={
          Object {
            "alignItems": "center",
            "backgroundColor": "#215760",
            "borderColor": "black",
            "borderRadius": 4,
            "borderStyle": "solid",
            "borderWidth": 0,
            "flexDirection": "row",
            "justifyContent": "center",
            "marginBottom": 10,
            "marginLeft": 0,
            "marginRight": 0,
            "marginTop": 40,
            "opacity": 1,
            "paddingBottom": 16,
            "paddingLeft": 16,
            "paddingRight": 16,
            "paddingTop": 16,
          }
        }
      >
        <Text
          style={
            Array [
              Object {
                "color": "#fff",
                "fontSize": 15,
                "fontWeight": "bold",
              },
            ]
          }
        >
          Registrar
        </Text>
      </View>
    </View>
    <View
      style={
        Array [
          Object {
            "alignSelf": "center",
            "flexDirection": "row",
            "marginBottom": 30,
          },
        ]
      }
    >
      <Text>
        Já tem uma conta?
      </Text>
      <View
        accessible={true}
        focusable={true}
        onClick={[Function]}
        onResponderGrant={[Function]}
        onResponderMove={[Function]}
        onResponderRelease={[Function]}
        onResponderTerminate={[Function]}
        onResponderTerminationRequest={[Function]}
        onStartShouldSetResponder={[Function]}
        style={
          Object {
            "opacity": 1,
          }
        }
      >
        <Text
          style={
            Array [
              Object {
                "color": "#215760",
                "marginLeft": 5,
              },
            ]
          }
        >
          Entre nela aqui
        </Text>
      </View>
    </View>
  </View>
</View>
`;
