// Jest Snapshot v1, https://goo.gl/fbAQLP

exports[`ScoreCard should render correctly match snapshot 1`] = `
<View
  style={
    Array [
      Object {
        "borderRadius": 6,
        "marginBottom": 20,
        "marginLeft": 0,
        "marginRight": 0,
        "marginTop": 20,
        "paddingBottom": 20,
        "paddingLeft": 20,
        "paddingRight": 20,
        "paddingTop": 20,
        "shadowColor": "rgba(0, 0, 0, .3)",
        "shadowOffset": Object {
          "height": 5,
          "width": 0,
        },
        "shadowOpacity": 1,
        "shadowRadius": 8,
        "width": "95%",
      },
      Object {
        "backgroundColor": "#fff",
      },
    ]
  }
>
  <Text
    style={
      Array [
        Object {
          "alignSelf": "center",
          "color": "#676767",
          "fontSize": 50,
          "fontWeight": "bold",
          "marginBottom": 20,
        },
      ]
    }
  />
  <Text
    style={
      Array [
        Object {
          "alignSelf": "center",
          "color": "#676767",
          "fontSize": 20,
        },
      ]
    }
  >
    Sua pontuação é 
  </Text>
  <View
    style={
      Array [
        Object {
          "backgroundColor": "#676767",
          "height": 1,
          "marginBottom": 20,
          "marginLeft": 0,
          "marginRight": 0,
          "marginTop": 20,
          "width": "100%",
        },
      ]
    }
  />
  <View
    accessible={true}
    focusable={true}
    onClick={[Function]}
    onResponderGrant={[Function]}
    onResponderMove={[Function]}
    onResponderRelease={[Function]}
    onResponderTerminate={[Function]}
    onResponderTerminationRequest={[Function]}
    onStartShouldSetResponder={[Function]}
    style={
      Object {
        "alignItems": "center",
        "flexDirection": "row",
        "justifyContent": "center",
        "opacity": 1,
      }
    }
  >
    <Text
      style={
        Array [
          Object {
            "alignSelf": "center",
            "color": "#6a1e55",
            "fontSize": 18,
            "fontWeight": "bold",
            "marginRight": 5,
          },
        ]
      }
    >
      Saiba mais
    </Text>
    <Text
      allowFontScaling={false}
      style={
        Array [
          Object {
            "color": "#6a1e55",
            "fontSize": 16,
          },
          undefined,
          Object {
            "fontFamily": "FontAwesome",
            "fontStyle": "normal",
            "fontWeight": "normal",
          },
          Object {},
        ]
      }
    >
      
    </Text>
  </View>
  <View
    pointerEvents="none"
    style={
      Object {
        "height": 0,
        "overflow": "hidden",
      }
    }
  >
    <View
      forwardedRef={[Function]}
      onLayout={[Function]}
      style={
        Object {
          "flexDirection": "row",
        }
      }
    >
      <View
        style={
          Array [
            Object {
              "flexBasis": 0,
              "flexGrow": 1,
              "flexShrink": 1,
              "marginBottom": 0,
              "marginLeft": 1,
              "marginRight": 1,
              "marginTop": 40,
            },
          ]
        }
      >
        <Text
          style={
            Array [
              Object {
                "alignSelf": "center",
                "color": "#676767",
                "fontSize": 16,
              },
            ]
          }
        >
          0 a 30
        </Text>
        <BVLinearGradient
          colors={
            Array [
              4291455544,
              4292850751,
            ]
          }
          endPoint={
            Object {
              "x": 1,
              "y": 1,
            }
          }
          locations={null}
          startPoint={
            Object {
              "x": 0,
              "y": 0,
            }
          }
          style={
            Array [
              Object {
                "height": 13,
                "marginTop": 20,
              },
            ]
          }
        />
      </View>
      <View
        style={
          Array [
            Object {
              "flexBasis": 0,
              "flexGrow": 1,
              "flexShrink": 1,
              "marginBottom": 0,
              "marginLeft": 1,
              "marginRight": 1,
              "marginTop": 40,
            },
          ]
        }
      >
        <Text
          style={
            Array [
              Object {
                "alignSelf": "center",
                "color": "#676767",
                "fontSize": 16,
              },
            ]
          }
        >
          31 a 60
        </Text>
        <BVLinearGradient
          colors={
            Array [
              4286627517,
              4292064078,
            ]
          }
          endPoint={
            Object {
              "x": 0,
              "y": 0,
            }
          }
          locations={null}
          startPoint={
            Object {
              "x": 1,
              "y": 1,
            }
          }
          style={
            Array [
              Object {
                "height": 13,
                "marginTop": 20,
              },
            ]
          }
        />
      </View>
      <View
        style={
          Array [
            Object {
              "flexBasis": 0,
              "flexGrow": 1,
              "flexShrink": 1,
              "marginBottom": 0,
              "marginLeft": 1,
              "marginRight": 1,
              "marginTop": 40,
            },
          ]
        }
      >
        <Text
          style={
            Array [
              Object {
                "alignSelf": "center",
                "color": "#676767",
                "fontSize": 16,
              },
            ]
          }
        >
          61 a 100
        </Text>
        <BVLinearGradient
          colors={
            Array [
              4280308829,
              4285906872,
            ]
          }
          endPoint={
            Object {
              "x": 0,
              "y": 0,
            }
          }
          locations={null}
          startPoint={
            Object {
              "x": 1,
              "y": 1,
            }
          }
          style={
            Array [
              Object {
                "height": 13,
                "marginTop": 20,
              },
            ]
          }
        />
      </View>
    </View>
  </View>
</View>
`;
