// Jest Snapshot v1, https://goo.gl/fbAQLP

exports[`Auth should render correctly match snapshot 1`] = `
<View>
  <Text>
    Foo
  </Text>
</View>
`;
